
> fortefrontend@0.1.0 build
> react-scripts build

node.exe : (node:10684) [DEP0176] DeprecationWarning: fs.F_OK is deprecated, 
use fs.constants.F_OK instead
At line:1 char:1
+ & "C:\Program Files\nodejs/node.exe" "C:\Users\USER\AppData\Roaming\n ...
+ ~~~~~~~~~~~~~~~~~~~~~~~~~~~~~~~~~~~~~~~~~~~~~~~~~~~~~~~~~~~~~~~~~~~~~
    + CategoryInfo          : NotSpecified: ((node:10684) [D...ts.F_OK instead 
   :String) [], RemoteException
    + FullyQualifiedErrorId : NativeCommandError
 
(Use `node --trace-deprecation ...` to show where the warning was created)
Creating an optimized production build...
Browserslist: browsers data (caniuse-lite) is 6 months old. Please run:
  npx update-browserslist-db@latest
  Why you should do it regularly: 
https://github.com/browserslist/update-db#readme
Browserslist: browsers data (caniuse-lite) is 6 months old. Please run:
  npx update-browserslist-db@latest
  Why you should do it regularly: 
https://github.com/browserslist/update-db#readme
Failed to compile.

[eslint] 
src\client\pages\ClientCollaborationHubPage.jsx
  Line 294:51:  'sendMessageMutation' is not defined  no-undef
  Line 297:20:  'sendMessageMutation' is not defined  no-undef

src\freelancer\pages\FreelancerSuccessScorePage.jsx
  Line 83:34:   'cn' is not defined  no-undef
  Line 122:40:  'cn' is not defined  no-undef
  Line 131:36:  'cn' is not defined  no-undef

src\freelancer\pages\GigDetailPage.jsx
Syntax error: Missing semicolon. (14:9) (14:9)

src\freelancer\pages\GigOrderTrackingPage.jsx
  Line 59:3:  React Hook "useEffect" is called conditionally. React Hooks must be called in the exact same order in every component render. Did you accidentally call a React Hook after an early return?  react-hooks/rules-of-hooks

src\freelancer\pages\GigPreviewPage.jsx
Syntax error: Missing semicolon. (12:9) (12:9)

src\freelancer\pages\JobsPage.jsx
  Line 243:17:  'quotaExhausted' is not defined  no-undef
  Line 294:25:  'savedJobs' is not defined       no-undef
  Line 299:55:  'savedJobs' is not defined       no-undef

src\freelancer\pages\MyGigsDashboardPage.jsx
Syntax error: Adjacent JSX elements must be wrapped in an enclosing tag. Did you want a JSX fragment <>...</>? (259:8) (259:8)

src\freelancer\pages\OrdersPage.jsx
  Line 52:5:  'setOrders' is not defined  no-undef

src\pages\find-work\LocalWorkListings.jsx
  Line 59:22:  'Sparkles' is not defined  react/jsx-no-undef

Search for the keywords to learn more about each error.


